// Jest Snapshot v1, https://goo.gl/fbAQLP

exports[`component BlankMessage renders 1`] = `
<DocumentFragment>
  <div
    data-testid="blank-message"
  >
    <h2
      class="sc-AxjAm cmwgYd"
    >
      Please enter a search term.
    </h2>
  </div>
</DocumentFragment>
`;
