// Jest Snapshot v1, https://goo.gl/fbAQLP

exports[`component ErrorMessage renders with error data passed in 1`] = `
<DocumentFragment>
  <div
    data-testid="error-message"
  >
    <h2
      class="sc-AxjAm cmwgYd"
    >
      400 Error: Mock Text
    </h2>
  </div>
</DocumentFragment>
`;
