// Jest Snapshot v1, https://goo.gl/fbAQLP

exports[`component HeaderImage renders 1`] = `
<DocumentFragment>
  <img
    class="sc-AxjAm ivsrOq"
  />
</DocumentFragment>
`;
